// Jest Snapshot v1, https://goo.gl/fbAQLP

exports[`Standard button 1`] = `
<button
  className="sc-bdVaJa iPqJvl"
>
  Hello Galaxy
</button>
`;
